src/app/wishlist/page.tsx(64,13): error TS2304: Cannot find name 'setRealNumberBalance'.
src/app/wishlist/page.tsx(91,13): error TS2304: Cannot find name 'setIsDialogOpen'.
src/app/wishlist/page.tsx(117,28): error TS2304: Cannot find name 'realNumberBalance'.
src/app/wishlist/page.tsx(118,38): error TS2304: Cannot find name 'realNumberBalance'.
src/app/wishlist/page.tsx(120,9): error TS2304: Cannot find name 'setSelectedItem'.
src/app/wishlist/page.tsx(121,9): error TS2304: Cannot find name 'setOracleData'.
src/app/wishlist/page.tsx(122,9): error TS2304: Cannot find name 'setIsOracleOpen'.
src/app/wishlist/page.tsx(143,22): error TS2304: Cannot find name 'realNumberBalance'.
src/app/wishlist/page.tsx(185,35): error TS2304: Cannot find name 'realNumberBalance'.
src/app/wishlist/page.tsx(190,31): error TS2304: Cannot find name 'isDialogOpen'.
src/app/wishlist/page.tsx(190,59): error TS2304: Cannot find name 'setIsDialogOpen'.
src/app/wishlist/page.tsx(227,27): error TS2304: Cannot find name 'isOracleOpen'.
src/app/wishlist/page.tsx(227,55): error TS2304: Cannot find name 'setIsOracleOpen'.
src/app/wishlist/page.tsx(231,30): error TS2304: Cannot find name 'oracleData'.
src/app/wishlist/page.tsx(234,30): error TS2304: Cannot find name 'selectedItem'.
src/app/wishlist/page.tsx(234,54): error TS2304: Cannot find name 'selectedItem'.
src/app/wishlist/page.tsx(245,34): error TS2304: Cannot find name 'oracleData'.
src/app/wishlist/page.tsx(250,27): error TS2304: Cannot find name 'oracleData'.
src/app/wishlist/page.tsx(256,53): error TS2304: Cannot find name 'oracleData'.
src/app/wishlist/page.tsx(257,42): error TS2304: Cannot find name 'oracleData'.
src/app/wishlist/page.tsx(257,65): error TS2304: Cannot find name 'oracleData'.
src/app/wishlist/page.tsx(266,48): error TS2304: Cannot find name 'setIsOracleOpen'.
